[    0.8s] 326323 records read from /Users/vincent.russo/Projects/genesis/stabrank-work/rank8/logs/pod/caseC_progress.jsonl
[    7.4s] task list rebuilt: 326323 tasks, 21177 pairs with a third-pivot mask, predicted steps 53047312306749
PASS (a_coverage): 326323 records, task ids 0..326322 each once: True; records whose (i, j, lo, hi) differ from the task list: 0; every task covers its full third-pivot range: True; buffer-overflow halvings per task: {0: 326094, 2: 9, 3: 94, 4: 85, 5: 14, 6: 14, 7: 13}
[    7.9s] rep 0: 470 tasks done; on-line triples so far 22; mismatches 0
[    8.1s] rep 27: 2755 tasks done; on-line triples so far 49; mismatches 0
[    8.3s] rep 108: 2737 tasks done; on-line triples so far 72; mismatches 0
[    8.4s] rep 189: 2303 tasks done; on-line triples so far 108; mismatches 0
[    8.4s] rep 192: 466 tasks done; on-line triples so far 126; mismatches 0
[    8.5s] rep 193: 775 tasks done; on-line triples so far 143; mismatches 0
[    8.5s] rep 351: 185 tasks done; on-line triples so far 157; mismatches 0
[    8.5s] rep 352: 185 tasks done; on-line triples so far 174; mismatches 0
[    8.5s] rep 353: 185 tasks done; on-line triples so far 183; mismatches 0
[    8.6s] rep 354: 887 tasks done; on-line triples so far 210; mismatches 0
[    8.8s] rep 432: 2764 tasks done; on-line triples so far 243; mismatches 0
[    9.2s] rep 1080: 8011 tasks done; on-line triples so far 293; mismatches 0
[   10.0s] rep 1081: 15211 tasks done; on-line triples so far 363; mismatches 0
[   10.4s] rep 1809: 8011 tasks done; on-line triples so far 426; mismatches 0
[   10.8s] rep 1810: 8011 tasks done; on-line triples so far 489; mismatches 0
[   11.3s] rep 1811: 8011 tasks done; on-line triples so far 552; mismatches 0
[   11.6s] rep 2538: 5327 tasks done; on-line triples so far 588; mismatches 0
[   11.6s] rep 2547: 1060 tasks done; on-line triples so far 610; mismatches 0
[   11.7s] rep 2548: 1837 tasks done; on-line triples so far 634; mismatches 0
[   12.2s] rep 2565: 10205 tasks done; on-line triples so far 679; mismatches 0
[   12.5s] rep 2574: 5107 tasks done; on-line triples so far 723; mismatches 0
[   13.0s] rep 3996: 8011 tasks done; on-line triples so far 791; mismatches 0
[   13.8s] rep 3997: 15211 tasks done; on-line triples so far 873; mismatches 0
[   13.8s] rep 6912: 470 tasks done; on-line triples so far 897; mismatches 0
[   13.9s] rep 6913: 1189 tasks done; on-line triples so far 925; mismatches 0
[   13.9s] rep 6914: 1189 tasks done; on-line triples so far 953; mismatches 0
[   14.0s] rep 6917: 759 tasks done; on-line triples so far 973; mismatches 0
[   14.1s] rep 6921: 887 tasks done; on-line triples so far 994; mismatches 0
[   14.2s] rep 6922: 2303 tasks done; on-line triples so far 1030; mismatches 0
[   14.4s] rep 6923: 2303 tasks done; on-line triples so far 1066; mismatches 0
[   14.5s] rep 6926: 1487 tasks done; on-line triples so far 1088; mismatches 0
[   14.6s] rep 10557: 2954 tasks done; on-line triples so far 1123; mismatches 0
[   15.1s] rep 10558: 8011 tasks done; on-line triples so far 1185; mismatches 0
[   15.5s] rep 10559: 8011 tasks done; on-line triples so far 1247; mismatches 0
[   15.8s] rep 10562: 5097 tasks done; on-line triples so far 1282; mismatches 0
[   16.6s] rep 10638: 15839 tasks done; on-line triples so far 1360; mismatches 0
[   18.0s] rep 10639: 30239 tasks done; on-line triples so far 1477; mismatches 0
[   19.4s] rep 10640: 30239 tasks done; on-line triples so far 1594; mismatches 0
[   20.2s] rep 10642: 15839 tasks done; on-line triples so far 1672; mismatches 0
[   21.6s] rep 10643: 30239 tasks done; on-line triples so far 1789; mismatches 0
[   22.4s] rep 10646: 15839 tasks done; on-line triples so far 1867; mismatches 0
[   23.2s] rep 11448: 15211 tasks done; on-line triples so far 1949; mismatches 0
[   23.8s] rep 11449: 10127 tasks done; on-line triples so far 1994; mismatches 0
[   24.6s] rep 11450: 15211 tasks done; on-line triples so far 2070; mismatches 0
[   24.9s] rep 11456: 5155 tasks done; on-line triples so far 2107; mismatches 0
PASS (b_steps): recorded steps 53047283951508 + skipped on-line third pivots 28355241 = 53047312306749; predicted 53047312306749 (cost_c.py), 53047312306749 (recomputed here); tasks where the identity fails: 0; on-line third pivots skipped by the kernel: 1846 (allowed by the mask) of 2107 on-line states above j
PASS (c_decisions): class sets 1714877884; rank pairs {(4, 7): 1713075489, (5, 7): 1464994, (5, 8): 336320, (6, 7): 1061, (6, 8): 15, (6, 9): 5}; every pair has rank(S) < rank(S + V_3): True; candidates 0; tasks whose histogram does not sum to its class count: 0; arithmetic levels that decided a class set of more than 8 states (keys, over tasks): ['ell2']; size histogram {7: 800539189, 8: 876477993, 9: 17384442, 10: 12584401, 11: 3680727, 12: 2233201, 13: 1460321, 14: 257892, 15: 218165, 16: 34929, 17: 2444, 18: 3260, 19: 267, 20: 232, 21: 178, 22: 119, 23: 63, 24: 61}
[   99.7s] correct masks for 21177 pairs in 74s
GAP  (e_symmetry): |G'| = 2916; first pivots equal the certificate's 45 orbit minima: True; second-pivot masks equal the certificate's after removing j = i: True (326323 pairs against the certificate's 326368, difference 45); third-pivot masks of the 21177 pairs with nontrivial Stab(i, j) equal the Stab(i, j)-orbit minima: False; pairs with excluded canonical third pivots 21173, excluded third pivots 158231569, inner steps not scanned 2137587169048 (corrected scan total 55184899475797 against 53047312306749 as run)
PASS (g_supplement): 21173 records for 21173 pairs, each once with the right pair: True; steps recorded 2137585861464 + on-line skips 1307584; identity failures 0; original + supplement + skips = 55184899475797 against the corrected total 55184899475797: True; class sets 220971842, rank pairs {(4, 7): 220516777, (5, 7): 437895, (5, 8): 17159, (6, 7): 8, (6, 8): 3}, non-strict 0, candidates 0
PASS (f_geometry): states with zero projected image: 0; states parallel to a first pivot mod ell: 0; states above j on the projected line through a canonical pivot pair: 2107, of which on the line over Q(w3) (exact rank of the two pivots, the state, and V_3 at most 5): 2107; rank histogram with V_3 {5: 2107}, without {2: 2086, 3: 21}
ALL CHECKS PASS with the third-pivot gap of (e) closed by the supplementary scan (g)
[  106.4s] written /Users/vincent.russo/Projects/genesis/stabrank-work/rank8/logs/check_caseC.json
exit=0
