  beta p01 a base (9, 117, 127, 133, 141): 1 hits, planted recovered, 0.71s
  beta p01 d base (9, 118, 119, 128, 132): 1 hits, planted recovered, 0.64s
  beta p01 r base (0, 0, 117, 123, 132): 1 hits, planted recovered, 0.32s
  beta p02 a base (117, 129, 140, 243, 338): 1 hits, planted recovered, 0.56s
  beta p02 d base (63, 119, 129, 130, 142): 2 hits, planted recovered, 0.53s
  beta p02 r base (0, 68, 68, 117, 129): 1 hits, planted recovered, 0.71s
  beta p10 a base (37, 118, 119, 215, 287): 1 hits, planted recovered, 0.44s
  beta p10 d base (90, 123, 129, 135, 141): 1 hits, planted recovered, 0.37s
  beta p10 r base (117, 117, 129, 213, 285): 12 hits, planted recovered, 0.41s
  beta p11 a base (64, 142, 143, 226, 251): 1 hits, planted recovered, 0.58s
  beta p11 d base (0, 38, 117, 119, 130): 1 hits, planted recovered, 0.23s
  beta p11 r base (132, 138, 146, 146, 149): 1 hits, planted recovered, 0.39s
  beta p12 a base (120, 121, 131, 135, 138): 1 hits, planted recovered, 0.43s
  beta p12 d base (119, 129, 130, 141, 143): 1 hits, planted recovered, 0.11s
  beta p12 r base (38, 38, 65, 117, 141): 1 hits, planted recovered, 0.20s
  beta p20 a base (11, 19, 28, 123, 135): 1 hits, planted recovered, 0.44s
  beta p20 d base (10, 92, 117, 135, 138): 1 hits, planted recovered, 0.38s
  beta p20 r base (0, 37, 64, 117, 117): 1 hits, planted recovered, 0.09s
  beta p21 a base (63, 119, 129, 135, 138): 1 hits, planted recovered, 0.01s
  beta p21 d base (90, 117, 123, 129, 132): 1 hits, planted recovered, 0.09s
  beta p21 r base (36, 63, 63, 65, 117): 1 hits, planted recovered, 0.20s
  beta p22 a base (11, 121, 135, 136, 143): 1 hits, planted recovered, 0.16s
  beta p22 d base (36, 121, 122, 127, 137): 1 hits, planted recovered, 0.37s
  beta p22 r base (63, 119, 313, 313, 327): 1 hits, planted recovered, 0.44s
  beta L01_101112 a base (10, 117, 135, 192, 195): 1 hits, planted recovered, 0.30s
  beta L01_101112 d base (0, 117, 118, 130, 141): 1 hits, planted recovered, 0.09s
  beta L01_101112 r base (11, 91, 123, 135, 135): 1 hits, planted recovered, 0.20s
  beta L01_202122 a base (0, 64, 117, 253, 276): 1 hits, planted recovered, 0.30s
  beta L01_202122 d base (36, 122, 128, 136, 137): 1 hits, planted recovered, 0.21s
  beta L01_202122 r base (117, 129, 141, 338, 338): 1 hits, planted recovered, 0.06s
  beta L10_011121 a base (39, 117, 141, 215, 288): 1 hits, planted recovered, 0.30s
  beta L10_011121 d base (9, 119, 124, 127, 137): 1 hits, planted recovered, 0.23s
  beta L10_011121 r base (38, 118, 119, 131, 131): 1 hits, planted recovered, 0.96s
  beta L10_021222 a base (37, 64, 119, 338, 349): 1 hits, planted recovered, 0.16s
  beta L10_021222 d base (0, 10, 11, 90, 117): 1 hits, planted recovered, 0.12s
  beta L10_021222 r base (36, 36, 114, 119, 217): 1 hits, planted recovered, 0.35s
  beta L11_011220 a base (117, 129, 191, 328, 350): 1 hits, planted recovered, 0.44s
  beta L11_011220 d base (118, 124, 127, 136, 137): 1 hits, planted recovered, 0.11s
  beta L11_011220 r base (38, 38, 117, 118, 119): 6 hits, planted recovered, 0.95s
  beta L11_021021 a base (36, 117, 122, 134, 142): 1 hits, planted recovered, 0.16s
  beta L11_021021 d base (11, 117, 132, 135, 141): 1 hits, planted recovered, 0.21s
  beta L11_021021 r base (63, 74, 74, 118, 119): 1 hits, planted recovered, 0.19s
  beta L12_011022 a base (36, 89, 108, 119, 187): 1 hits, planted recovered, 0.44s
  beta L12_011022 d base (119, 121, 124, 128, 138): 1 hits, planted recovered, 0.21s
  beta L12_011022 r base (65, 65, 118, 119, 141): 1 hits, planted recovered, 0.10s
  beta L12_021120 a base (91, 135, 138, 180, 183): 1 hits, planted recovered, 0.30s
  beta L12_021120 d base (9, 11, 120, 123, 135): 1 hits, planted recovered, 0.12s
  beta L12_021120 r base (64, 64, 121, 128, 143): 1 hits, planted recovered, 0.26s
wrote research/h3_m4_rank6/results/control_planted_beta_adr.json
control-planted (beta): 48/48 planted decompositions recovered in 27s; by stage {'b6': [0, 0], 'c6': [0, 0], 'beta': [48, 48], 'gamma': [0, 0]}; PASS
