  gamma p01+p01 a base (9, 10, 117, 135): 1 hits, planted recovered, 0.60s
  gamma p01+p02 a base (38, 118, 119, 130): 1 hits, planted recovered, 0.59s
  gamma p01+p10 a base (9, 91, 92, 117): 1 hits, planted recovered, 0.30s
  gamma p01+p11 a base (37, 119, 130, 142): 1 hits, planted recovered, 0.30s
  gamma p01+p12 a base (38, 65, 117, 142): 3 hits, planted recovered, 0.16s
  gamma p01+p20 a base (0, 90, 117, 138): 1 hits, planted recovered, 0.44s
  gamma p01+p21 a base (118, 119, 306, 319): 1 hits, planted recovered, 0.30s
  gamma p01+p22 a base (40, 41, 117, 129): 1 hits, planted recovered, 0.45s
  gamma p01+L01_101112 a base (124, 125, 137, 138): 1 hits, planted recovered, 0.44s
  gamma p01+L01_202122 a base (117, 129, 142, 143): 1 hits, planted recovered, 0.16s
  gamma p01+L10_011121 a base (9, 92, 117, 135): 1 hits, planted recovered, 0.11s
  gamma p01+L10_011121 ray base (118, 119, 128, 138): 3 hits, planted recovered, 0.26s
  gamma p01+L10_021222 a base (10, 90, 117, 138): 1 hits, planted recovered, 0.01s
  gamma p01+L11_011220 a base (118, 119, 121, 136): 1 hits, planted recovered, 0.41s
  gamma p01+L11_011220 ray base (0, 117, 227, 346): 3 hits, planted recovered, 0.37s
  gamma p01+L11_021021 a base (123, 126, 135, 138): 1 hits, planted recovered, 0.31s
  gamma p01+L12_011022 a base (11, 117, 120, 138): 1 hits, planted recovered, 0.40s
  gamma p01+L12_011022 ray base (0, 117, 251, 334): 3 hits, planted recovered, 0.41s
  gamma p01+L12_021120 a base (9, 117, 129, 135): 1 hits, planted recovered, 0.01s
  gamma p02+p02 a base (37, 63, 117, 129): 1 hits, planted recovered, 0.15s
  gamma p02+p10 a base (64, 65, 118, 119): 1 hits, planted recovered, 0.15s
  gamma p02+p11 a base (0, 117, 251, 334): 1 hits, planted recovered, 0.01s
  gamma p02+p12 a base (119, 124, 132, 136): 1 hits, planted recovered, 0.15s
  gamma p02+p20 a base (119, 121, 124, 127): 1 hits, planted recovered, 0.15s
  gamma p02+p21 a base (5, 36, 71, 119): 1 hits, planted recovered, 0.44s
  gamma p02+p22 a base (119, 124, 136, 138): 1 hits, planted recovered, 0.01s
  gamma p02+L01_101112 a base (63, 64, 119, 131): 1 hits, planted recovered, 0.15s
  gamma p02+L01_202122 a base (117, 132, 135, 138): 1 hits, planted recovered, 0.01s
  gamma p02+L10_011121 a base (0, 90, 117, 132): 1 hits, planted recovered, 0.01s
  gamma p02+L10_021222 a base (11, 117, 126, 132): 1 hits, planted recovered, 0.01s
  gamma p02+L10_021222 ray base (36, 117, 118, 141): 3 hits, planted recovered, 0.22s
  gamma p02+L11_011220 a base (49, 117, 129, 307): 1 hits, planted recovered, 0.30s
  gamma p02+L11_021021 a base (125, 132, 136, 137): 1 hits, planted recovered, 0.01s
  gamma p02+L11_021021 ray base (38, 117, 130, 142): 3 hits, planted recovered, 0.12s
  gamma p02+L12_011022 a base (10, 120, 132, 135): 1 hits, planted recovered, 0.01s
  gamma p02+L12_021120 a base (119, 122, 124, 138): 1 hits, planted recovered, 0.26s
  gamma p02+L12_021120 ray base (63, 119, 266, 330): 3 hits, planted recovered, 0.41s
  gamma p10+p10 a base (63, 119, 276, 320): 6 hits, planted recovered, 0.42s
  gamma p10+p11 a base (117, 120, 135, 141): 3 hits, planted recovered, 0.01s
  gamma p10+p12 a base (0, 117, 132, 135): 1 hits, planted recovered, 0.01s
  gamma p10+p20 a base (37, 63, 119, 129): 1 hits, planted recovered, 0.01s
  gamma p10+p21 a base (0, 63, 117, 119): 1 hits, planted recovered, 0.01s
  gamma p10+p22 a base (36, 119, 121, 127): 1 hits, planted recovered, 0.01s
  gamma p10+L01_101112 a base (63, 119, 141, 143): 1 hits, planted recovered, 0.08s
  gamma p10+L01_101112 ray base (36, 119, 208, 298): 3 hits, planted recovered, 0.41s
  gamma p10+L01_202122 a base (37, 38, 65, 119): 1 hits, planted recovered, 0.01s
  gamma p10+L10_011121 a base (117, 129, 134, 139): 1 hits, planted recovered, 0.31s
  gamma p10+L10_021222 a base (119, 121, 137, 138): 1 hits, planted recovered, 0.01s
  gamma p10+L11_011220 a base (121, 122, 127, 137): 1 hits, planted recovered, 0.01s
  gamma p10+L11_021021 a base (119, 122, 127, 132): 1 hits, planted recovered, 0.01s
  gamma p10+L11_021021 ray base (0, 61, 117, 320): 3 hits, planted recovered, 0.26s
  gamma p10+L12_011022 a base (0, 117, 201, 300): 1 hits, planted recovered, 0.30s
  gamma p10+L12_011022 ray base (37, 64, 117, 129): 3 hits, planted recovered, 0.01s
  gamma p10+L12_021120 a base (0, 9, 91, 117): 1 hits, planted recovered, 0.01s
  gamma p11+p11 a base (10, 11, 90, 117): 5 hits, planted recovered, 0.33s
  gamma p11+p12 a base (36, 119, 337, 353): 1 hits, planted recovered, 0.30s
  gamma p11+p20 a base (117, 118, 130, 141): 1 hits, planted recovered, 0.01s
  gamma p11+p21 a base (0, 36, 64, 117): 1 hits, planted recovered, 0.01s
  gamma p11+p22 a base (132, 138, 173, 179): 1 hits, planted recovered, 0.30s
  gamma p11+L01_101112 a base (119, 125, 127, 128): 1 hits, planted recovered, 0.01s
  gamma p11+L01_101112 ray base (119, 129, 131, 141): 3 hits, planted recovered, 0.01s
  gamma p11+L01_202122 a base (118, 119, 121, 128): 1 hits, planted recovered, 0.01s
  gamma p11+L10_011121 a base (38, 119, 131, 141): 1 hits, planted recovered, 0.01s
  gamma p11+L10_011121 ray base (36, 119, 229, 245): 3 hits, planted recovered, 0.37s
  gamma p11+L10_021222 a base (64, 119, 142, 143): 1 hits, planted recovered, 0.01s
  gamma p11+L11_011220 a base (63, 119, 311, 321): 1 hits, planted recovered, 0.29s
  gamma p11+L11_021021 a base (10, 11, 123, 135): 1 hits, planted recovered, 0.01s
  gamma p11+L12_011022 a base (63, 119, 124, 137): 1 hits, planted recovered, 0.01s
  gamma p11+L12_021120 a base (36, 119, 129, 143): 1 hits, planted recovered, 0.01s
  gamma p11+L12_021120 ray base (0, 36, 117, 131): 3 hits, planted recovered, 0.01s
  gamma p12+p12 a base (36, 119, 121, 138): 1 hits, planted recovered, 0.01s
  gamma p12+p20 a base (0, 101, 117, 294): 1 hits, planted recovered, 0.29s
  gamma p12+p21 a base (38, 64, 117, 119): 1 hits, planted recovered, 0.01s
  gamma p12+p22 a base (36, 119, 130, 131): 1 hits, planted recovered, 0.01s
  gamma p12+L01_101112 a base (124, 125, 137, 138): 1 hits, planted recovered, 0.01s
  gamma p12+L01_101112 ray base (0, 11, 117, 126): 3 hits, planted recovered, 0.01s
  gamma p12+L01_202122 a base (36, 37, 117, 118): 1 hits, planted recovered, 0.01s
  gamma p12+L10_011121 a base (11, 117, 132, 135): 1 hits, planted recovered, 0.01s
  gamma p12+L10_021222 a base (36, 49, 119, 320): 1 hits, planted recovered, 0.01s
  gamma p12+L10_021222 ray base (121, 122, 125, 137): 3 hits, planted recovered, 0.01s
  gamma p12+L11_011220 a base (127, 128, 132, 138): 1 hits, planted recovered, 0.01s
  gamma p12+L11_011220 ray base (63, 114, 119, 289): 3 hits, planted recovered, 0.40s
  gamma p12+L11_021021 a base (11, 91, 117, 129): 1 hits, planted recovered, 0.01s
  gamma p12+L12_011022 a base (36, 119, 128, 136): 1 hits, planted recovered, 0.01s
  gamma p12+L12_021120 a base (0, 117, 251, 334): 1 hits, planted recovered, 0.01s
  gamma p20+p20 a base (0, 49, 117, 266): 1 hits, planted recovered, 0.01s
  gamma p20+p21 a base (129, 132, 135, 138): 1 hits, planted recovered, 0.01s
  gamma p20+p22 a base (10, 117, 132, 141): 1 hits, planted recovered, 0.01s
  gamma p20+L01_101112 a base (0, 117, 254, 331): 1 hits, planted recovered, 0.29s
  gamma p20+L01_202122 a base (36, 119, 125, 137): 1 hits, planted recovered, 0.01s
  gamma p20+L01_202122 ray base (0, 117, 159, 180): 3 hits, planted recovered, 0.29s
  gamma p20+L10_011121 a base (36, 64, 117, 142): 1 hits, planted recovered, 0.01s
  gamma p20+L10_021222 a base (36, 38, 65, 117): 1 hits, planted recovered, 0.01s
  gamma p20+L11_011220 a base (39, 41, 117, 141): 1 hits, planted recovered, 0.15s
  gamma p20+L11_011220 ray base (36, 119, 131, 142): 3 hits, planted recovered, 0.01s
  gamma p20+L11_021021 a base (63, 119, 267, 271): 1 hits, planted recovered, 0.29s
  gamma p20+L12_011022 a base (36, 119, 237, 359): 1 hits, planted recovered, 0.29s
  gamma p20+L12_021120 a base (36, 37, 117, 129): 2 hits, planted recovered, 0.11s
  gamma p20+L12_021120 ray base (1, 98, 132, 138): 3 hits, planted recovered, 0.29s
  gamma p21+p21 a base (117, 132, 135, 138): 1 hits, planted recovered, 0.01s
  gamma p21+p22 a base (0, 36, 63, 117): 1 hits, planted recovered, 0.01s
  gamma p21+L01_101112 a base (36, 114, 119, 289): 1 hits, planted recovered, 0.01s
  gamma p21+L01_202122 a base (123, 129, 135, 138): 1 hits, planted recovered, 0.01s
  gamma p21+L01_202122 ray base (132, 138, 198, 216): 3 hits, planted recovered, 0.40s
  gamma p21+L10_011121 a base (0, 117, 153, 186): 1 hits, planted recovered, 0.29s
  gamma p21+L10_011121 ray base (36, 114, 119, 289): 3 hits, planted recovered, 0.01s
  gamma p21+L10_021222 a base (119, 129, 130, 131): 1 hits, planted recovered, 0.01s
  gamma p21+L11_011220 a base (10, 90, 92, 117): 1 hits, planted recovered, 0.01s
  gamma p21+L11_021021 a base (92, 120, 126, 135): 1 hits, planted recovered, 0.01s
  gamma p21+L11_021021 ray base (10, 126, 135, 141): 3 hits, planted recovered, 0.11s
  gamma p21+L12_011022 a base (11, 129, 132, 135): 1 hits, planted recovered, 0.01s
  gamma p21+L12_021120 a base (118, 119, 141, 142): 1 hits, planted recovered, 0.01s
  gamma p22+p22 a base (0, 38, 117, 119): 1 hits, planted recovered, 0.01s
  gamma p22+L01_101112 a base (0, 117, 119, 131): 1 hits, planted recovered, 0.01s
  gamma p22+L01_202122 a base (121, 128, 136, 137): 1 hits, planted recovered, 0.01s
  gamma p22+L01_202122 ray base (118, 119, 337, 348): 3 hits, planted recovered, 0.15s
  gamma p22+L10_011121 a base (38, 65, 119, 131): 1 hits, planted recovered, 0.01s
  gamma p22+L10_021222 a base (10, 11, 117, 132): 1 hits, planted recovered, 0.01s
  gamma p22+L10_021222 ray base (124, 132, 136, 137): 3 hits, planted recovered, 0.08s
  gamma p22+L11_011220 a base (0, 65, 117, 130): 1 hits, planted recovered, 0.01s
  gamma p22+L11_021021 a base (11, 92, 120, 135): 1 hits, planted recovered, 0.01s
  gamma p22+L12_011022 a base (92, 120, 132, 135): 1 hits, planted recovered, 0.01s
  gamma p22+L12_011022 ray base (118, 119, 130, 142): 3 hits, planted recovered, 0.07s
  gamma p22+L12_021120 a base (121, 128, 136, 137): 1 hits, planted recovered, 0.01s
  gamma L01_101112+L01_101112 a base (10, 124, 135, 137): 1 hits, planted recovered, 0.01s
  gamma L01_101112+L01_101112 same base (11, 120, 123, 135): 1 hits, planted recovered, 1.14s
  gamma L01_101112+L01_101112 same1 base (37, 63, 64, 119): 3 hits, planted recovered, 0.98s
  gamma L01_101112+L01_101112 same2 base (119, 125, 127, 137): 81 hits, planted recovered, 2.85s
  gamma L01_101112+L01_101112 samec base (117, 129, 253, 320): 3 hits, planted recovered, 0.81s
  gamma L01_101112+L01_101112 cancel base (119, 121, 124, 137): 12 hits, planted recovered, 2.59s
  gamma L01_101112+L01_101112 cancel1 base (127, 128, 132, 137): 162 hits, planted recovered, 0.59s
  gamma L01_101112+L01_101112 cancel0 base (36, 114, 119, 289): 81 hits, planted recovered, 1.25s
  gamma L01_101112+L01_202122 a base (63, 119, 142, 143): 1 hits, planted recovered, 0.33s
  gamma L01_101112+L10_011121 a base (11, 92, 117, 135): 1 hits, planted recovered, 0.01s
  gamma L01_101112+L10_021222 a base (36, 119, 121, 137): 1 hits, planted recovered, 0.01s
  gamma L01_101112+L11_011220 a base (9, 117, 132, 135): 1 hits, planted recovered, 0.01s
  gamma L01_101112+L11_021021 a base (36, 89, 119, 345): 1 hits, planted recovered, 0.30s
  gamma L01_101112+L12_011022 a base (92, 120, 135, 138): 1 hits, planted recovered, 0.01s
  gamma L01_101112+L12_021120 a base (63, 102, 119, 208): 1 hits, planted recovered, 0.15s
  gamma L01_202122+L01_202122 a base (132, 138, 145, 148): 1 hits, planted recovered, 0.30s
  gamma L01_202122+L01_202122 same base (11, 117, 120, 132): 1 hits, planted recovered, 0.81s
  gamma L01_202122+L01_202122 same1 base (118, 119, 306, 332): 1 hits, planted recovered, 0.40s
  gamma L01_202122+L01_202122 same2 base (9, 10, 91, 117): 3 hits, planted recovered, 0.33s
  gamma L01_202122+L01_202122 samec base (37, 117, 129, 143): 81 hits, planted recovered, 0.33s
  gamma L01_202122+L01_202122 cancel base (38, 117, 118, 141): 12 hits, planted recovered, 0.38s
  gamma L01_202122+L01_202122 cancel1 base (11, 91, 117, 129): 3 hits, planted recovered, 0.11s
  gamma L01_202122+L01_202122 cancel0 base (38, 64, 117, 142): 81 hits, planted recovered, 0.63s
  gamma L01_202122+L10_011121 a base (11, 63, 119, 126): 1 hits, planted recovered, 0.01s
  gamma L01_202122+L10_021222 a base (40, 41, 117, 141): 1 hits, planted recovered, 0.01s
  gamma L01_202122+L11_011220 a base (0, 117, 226, 359): 1 hits, planted recovered, 0.15s
  gamma L01_202122+L11_021021 a base (37, 65, 118, 119): 1 hits, planted recovered, 0.01s
  gamma L01_202122+L12_011022 a base (118, 119, 124, 137): 1 hits, planted recovered, 0.01s
  gamma L01_202122+L12_021120 a base (132, 138, 279, 288): 1 hits, planted recovered, 0.45s
  gamma L10_011121+L10_011121 a base (0, 38, 117, 118): 1 hits, planted recovered, 0.01s
  gamma L10_011121+L10_011121 same base (36, 89, 119, 251): 1 hits, planted recovered, 0.04s
  gamma L10_011121+L10_011121 same1 base (37, 119, 129, 143): 3 hits, planted recovered, 0.15s
  gamma L10_011121+L10_011121 same2 base (37, 65, 119, 130): 3 hits, planted recovered, 0.11s
  gamma L10_011121+L10_011121 samec base (0, 53, 117, 331): 3 hits, planted recovered, 0.29s
  gamma L10_011121+L10_011121 cancel base (128, 132, 136, 137): 12 hits, planted recovered, 0.34s
  gamma L10_011121+L10_011121 cancel1 base (121, 127, 128, 138): 81 hits, planted recovered, 0.78s
  gamma L10_011121+L10_011121 cancel0 base (119, 129, 131, 141): 81 hits, planted recovered, 0.53s
  gamma L10_011121+L10_021222 a base (119, 124, 125, 137): 1 hits, planted recovered, 0.33s
  gamma L10_011121+L11_011220 a base (37, 63, 65, 117): 1 hits, planted recovered, 0.01s
  gamma L10_011121+L11_021021 a base (132, 138, 147, 150): 1 hits, planted recovered, 0.30s
  gamma L10_011121+L12_011022 a base (10, 92, 120, 135): 1 hits, planted recovered, 0.01s
  gamma L10_011121+L12_021120 a base (118, 119, 122, 128): 1 hits, planted recovered, 0.01s
  gamma L10_021222+L10_021222 a base (37, 119, 131, 142): 1 hits, planted recovered, 0.01s
  gamma L10_021222+L10_021222 same base (0, 117, 213, 285): 1 hits, planted recovered, 0.40s
  gamma L10_021222+L10_021222 same1 base (119, 122, 132, 138): 3 hits, planted recovered, 0.11s
  gamma L10_021222+L10_021222 same2 base (63, 119, 136, 138): 3 hits, planted recovered, 0.11s
  gamma L10_021222+L10_021222 samec base (38, 117, 129, 130): 3 hits, planted recovered, 0.09s
  gamma L10_021222+L10_021222 cancel base (119, 124, 128, 136): 12 hits, planted recovered, 0.24s
  gamma L10_021222+L10_021222 cancel1 base (19, 117, 141, 159): 3 hits, planted recovered, 0.38s
  gamma L10_021222+L10_021222 cancel0 base (12, 13, 117, 129): 81 hits, planted recovered, 0.83s
  gamma L10_021222+L11_011220 a base (36, 119, 133, 134): 1 hits, planted recovered, 0.15s
  gamma L10_021222+L11_021021 a base (92, 120, 135, 141): 1 hits, planted recovered, 0.01s
  gamma L10_021222+L12_011022 a base (39, 41, 117, 141): 1 hits, planted recovered, 0.01s
  gamma L10_021222+L12_021120 a base (117, 132, 135, 141): 1 hits, planted recovered, 0.01s
  gamma L11_011220+L11_011220 a base (132, 138, 290, 299): 1 hits, planted recovered, 0.30s
  gamma L11_011220+L11_011220 same base (117, 123, 138, 141): 1 hits, planted recovered, 0.04s
  gamma L11_011220+L11_011220 same1 base (117, 133, 140, 141): 3 hits, planted recovered, 0.19s
  gamma L11_011220+L11_011220 same2 base (65, 118, 119, 130): 3 hits, planted recovered, 0.18s
  gamma L11_011220+L11_011220 samec base (0, 9, 92, 117): 3 hits, planted recovered, 0.07s
  gamma L11_011220+L11_011220 cancel base (11, 90, 92, 117): 12 hits, planted recovered, 0.13s
  gamma L11_011220+L11_011220 cancel1 base (119, 124, 136, 138): 3 hits, planted recovered, 0.17s
  gamma L11_011220+L11_011220 cancel0 base (11, 91, 117, 120): 81 hits, planted recovered, 0.47s
  gamma L11_011220+L11_021021 a base (126, 129, 135, 138): 1 hits, planted recovered, 0.33s
  gamma L11_011220+L12_011022 a base (117, 129, 133, 140): 1 hits, planted recovered, 0.01s
  gamma L11_011220+L12_021120 a base (63, 119, 252, 265): 1 hits, planted recovered, 0.30s
  gamma L11_021021+L11_021021 a base (9, 10, 117, 132): 1 hits, planted recovered, 0.01s
  gamma L11_021021+L11_021021 same base (63, 119, 141, 142): 1 hits, planted recovered, 0.04s
  gamma L11_021021+L11_021021 same1 base (118, 119, 306, 319): 3 hits, planted recovered, 0.04s
  gamma L11_021021+L11_021021 same2 base (36, 119, 128, 132): 3 hits, planted recovered, 0.10s
  gamma L11_021021+L11_021021 samec base (0, 77, 117, 251): 3 hits, planted recovered, 0.22s
  gamma L11_021021+L11_021021 cancel base (120, 126, 129, 135): 12 hits, planted recovered, 0.19s
  gamma L11_021021+L11_021021 cancel1 base (36, 119, 217, 289): 3 hits, planted recovered, 0.31s
  gamma L11_021021+L11_021021 cancel0 base (37, 64, 119, 142): 81 hits, planted recovered, 0.35s
  gamma L11_021021+L12_011022 a base (0, 92, 117, 138): 1 hits, planted recovered, 0.01s
  gamma L11_021021+L12_021120 a base (63, 119, 136, 138): 1 hits, planted recovered, 0.01s
  gamma L12_011022+L12_011022 a base (0, 11, 90, 117): 1 hits, planted recovered, 0.01s
  gamma L12_011022+L12_011022 same base (91, 126, 135, 141): 1 hits, planted recovered, 0.04s
  gamma L12_011022+L12_011022 same1 base (118, 119, 125, 138): 3 hits, planted recovered, 0.05s
  gamma L12_011022+L12_011022 same2 base (119, 125, 136, 138): 3 hits, planted recovered, 0.11s
  gamma L12_011022+L12_011022 samec base (0, 90, 117, 132): 81 hits, planted recovered, 0.20s
  gamma L12_011022+L12_011022 cancel base (36, 119, 121, 138): 12 hits, planted recovered, 0.26s
  gamma L12_011022+L12_011022 cancel1 base (36, 65, 119, 141): 3 hits, planted recovered, 0.29s
  gamma L12_011022+L12_011022 cancel0 base (119, 122, 128, 132): 81 hits, planted recovered, 0.67s
  gamma L12_011022+L12_021120 a base (119, 121, 124, 137): 1 hits, planted recovered, 0.34s
  gamma L12_021120+L12_021120 a base (37, 117, 118, 143): 1 hits, planted recovered, 0.01s
  gamma L12_021120+L12_021120 same base (37, 117, 119, 143): 1 hits, planted recovered, 0.04s
  gamma L12_021120+L12_021120 same1 base (118, 119, 132, 138): 4 hits, planted recovered, 0.05s
  gamma L12_021120+L12_021120 same2 base (117, 141, 142, 143): 81 hits, planted recovered, 0.33s
  gamma L12_021120+L12_021120 samec base (132, 138, 280, 289): 3 hits, planted recovered, 0.22s
  gamma L12_021120+L12_021120 cancel base (91, 126, 135, 138): 12 hits, planted recovered, 0.13s
  gamma L12_021120+L12_021120 cancel1 base (11, 91, 117, 120): 3 hits, planted recovered, 0.17s
  gamma L12_021120+L12_021120 cancel0 base (10, 92, 117, 120): 81 hits, planted recovered, 0.46s
wrote research/h3_m4_rank6/results/control_planted_gamma.json
control-planted (gamma): 216/216 planted decompositions recovered in 64s; by stage {'b6': [0, 0], 'c6': [0, 0], 'beta': [0, 0], 'gamma': [216, 216]}; PASS
