  beta p00 a base (0, 39, 72, 77, 130): 1 hits, planted recovered, 0.30s
  beta p00 d base (8, 36, 41, 130, 226): 1 hits, planted recovered, 0.30s
  beta p00 r base (0, 0, 38, 72, 358): 1 hits, planted recovered, 0.19s
  beta p01 a base (27, 36, 167, 187, 216): 1 hits, planted recovered, 0.24s
  beta p01 d base (36, 45, 54, 130, 358): 1 hits, planted recovered, 0.17s
  beta p01 r base (0, 118, 119, 119, 225): 12 hits, planted recovered, 0.59s
  beta p02 a base (8, 32, 36, 154, 345): 1 hits, planted recovered, 0.19s
  beta p02 d base (36, 46, 72, 130, 280): 1 hits, planted recovered, 0.16s
  beta p02 r base (36, 43, 43, 72, 130): 1 hits, planted recovered, 0.02s
  beta p10 a base (8, 143, 150, 287, 325): 1 hits, planted recovered, 0.25s
  beta p10 d base (8, 27, 32, 115, 288): 1 hits, planted recovered, 0.17s
  beta p10 r base (36, 36, 72, 117, 143): 1 hits, planted recovered, 56.61s
  beta p11 a base (36, 45, 76, 172, 252): 1 hits, planted recovered, 0.18s
  beta p11 d base (36, 117, 130, 225, 333): 1 hits, planted recovered, 0.16s
  beta p11 r base (9, 9, 36, 120, 239): 1 hits, planted recovered, 0.22s
  beta p12 a base (0, 143, 186, 323, 324): 1 hits, planted recovered, 0.18s
  beta p12 d base (8, 36, 77, 130, 358): 1 hits, planted recovered, 0.04s
  beta p12 r base (0, 38, 38, 72, 130): 1 hits, planted recovered, 0.02s
  beta p20 a base (8, 117, 167, 229, 256): 1 hits, planted recovered, 0.12s
  beta p20 d base (36, 45, 143, 239, 265): 1 hits, planted recovered, 0.13s
  beta p20 r base (8, 36, 79, 79, 239): 1 hits, planted recovered, 0.31s
  beta p21 a base (2, 30, 34, 108, 117): 1 hits, planted recovered, 0.24s
  beta p21 d base (8, 43, 226, 239, 335): 1 hits, planted recovered, 0.19s
  beta p21 r base (36, 36, 142, 239, 250): 6 hits, planted recovered, 0.19s
  beta L01_000102 a base (0, 117, 130, 231, 244): 1 hits, planted recovered, 0.15s
  beta L01_000102 d base (8, 27, 115, 117, 249): 1 hits, planted recovered, 0.10s
  beta L01_000102 r base (8, 27, 27, 108, 321): 6 hits, planted recovered, 0.10s
  beta L01_101112 a base (0, 15, 36, 117, 352): 1 hits, planted recovered, 0.12s
  beta L01_101112 d base (8, 45, 249, 278, 345): 1 hits, planted recovered, 0.10s
  beta L01_101112 r base (36, 47, 47, 72, 200): 12 hits, planted recovered, 0.25s
  beta L10_001020 a base (8, 41, 154, 174, 335): 1 hits, planted recovered, 0.06s
  beta L10_001020 d base (8, 36, 41, 239, 335): 1 hits, planted recovered, 0.11s
  beta L10_001020 r base (30, 30, 231, 279, 312): 1 hits, planted recovered, 0.17s
  beta L10_011121 a base (8, 27, 43, 174, 239): 1 hits, planted recovered, 0.01s
  beta L10_011121 d base (0, 36, 38, 72, 358): 1 hits, planted recovered, 0.05s
  beta L10_011121 r base (8, 32, 150, 150, 345): 6 hits, planted recovered, 1.73s
  beta L11_011220 a base (27, 41, 43, 77, 301): 1 hits, planted recovered, 0.06s
  beta L11_011220 d base (36, 65, 117, 118, 358): 1 hits, planted recovered, 0.10s
  beta L11_011220 r base (9, 9, 36, 130, 358): 6 hits, planted recovered, 0.04s
  beta L11_021021 a base (2, 137, 288, 298, 336): 1 hits, planted recovered, 0.18s
  beta L11_021021 d base (8, 36, 130, 143, 249): 1 hits, planted recovered, 0.05s
  beta L11_021021 r base (36, 36, 45, 72, 265): 1 hits, planted recovered, 0.07s
  beta L12_001221 a base (2, 117, 131, 201, 311): 1 hits, planted recovered, 0.18s
  beta L12_001221 d base (36, 72, 130, 142, 250): 1 hits, planted recovered, 0.05s
  beta L12_001221 r base (36, 37, 37, 72, 239): 1 hits, planted recovered, 1.86s
  beta L12_021120 a base (9, 96, 111, 117, 252): 1 hits, planted recovered, 0.18s
  beta L12_021120 d base (8, 32, 34, 198, 279): 1 hits, planted recovered, 0.11s
  beta L12_021120 r base (36, 36, 225, 239, 333): 1 hits, planted recovered, 0.02s
wrote research/n4_rank6/results/control_planted_beta_adr.json
control-planted (beta): 48/48 planted decompositions recovered in 71s; by stage {'b6': [0, 0], 'c6': [0, 0], 'beta': [48, 48], 'gamma': [0, 0]}; PASS
[run.py] exit 0 after 71.5s
