partition research/n4_rank6/partition.json: N m=4 rank=6 n1=2 x0=[2, 2], 1057 batches (A6 54, B6 807, C6 166, beta 27, gamma 3), sha256 597eca221ac6d6b3
6-cover census re-run over 1209 pivot pairs in 536s: every count equal
lists re-enumerated in 76s: B6 259655, C6 321553, k5 54488, k4 505 orbits (all equal to the stored lists)
batches present 1057/1057
stage A6: 54/54 batches, 37201212 items, 37201212 matched, 0 refused, 0 undecided, 0 hits; 12.07 CPU-h (804s per batch, 1.17 ms per item); projected stage total 12.07 CPU-h at this rate (partition estimate 8.60 pod)
stage B6: 807/807 batches, 259655 items, 259631 matched, 0 refused, 24 undecided, 0 hits; 95.50 CPU-h (426s per batch, 1324.04 ms per item); projected stage total 95.50 CPU-h at this rate (partition estimate 134.95 pod)
stage C6: 166/166 batches, 321553 items, 321553 matched, 0 refused, 0 undecided, 0 hits; 12.31 CPU-h (267s per batch, 137.77 ms per item); projected stage total 12.31 CPU-h at this rate (partition estimate 26.85 pod)
stage beta: 27/27 batches, 54488 items, 871808 matched, 0 refused, 0 undecided, 0 hits; 1.87 CPU-h (249s per batch, 123.25 ms per item); projected stage total 1.87 CPU-h at this rate (partition estimate 3.79 pod)
stage gamma: 3/3 batches, 505 items, 68680 matched, 0 refused, 0 undecided, 0 hits; 0.03 CPU-h (38s per batch, 227.80 ms per item); projected stage total 0.03 CPU-h at this rate (partition estimate 0.05 pod)
PROBLEM: batch 101: 1 undecided run(s) (AssertionError: filter and reference disagree on the coordinate-slice counts of )
PROBLEM: batch 131: 1 undecided run(s) (AssertionError: filter and reference disagree on the coordinate-slice counts of )
PROBLEM: batch 191: 1 undecided run(s) (AssertionError: filter and reference disagree on the coordinate-slice counts of )
PROBLEM: batch 202: 1 undecided run(s) (AssertionError: filter and reference disagree on the coordinate-slice counts of )
PROBLEM: batch 231: 1 undecided run(s) (AssertionError: filter and reference disagree on the coordinate-slice counts of )
PROBLEM: batch 233: 1 undecided run(s) (AssertionError: filter and reference disagree on the coordinate-slice counts of )
PROBLEM: batch 250: 1 undecided run(s) (AssertionError: filter and reference disagree on the coordinate-slice counts of )
PROBLEM: batch 278: 1 undecided run(s) (AssertionError: filter and reference disagree on the coordinate-slice counts of )
PROBLEM: batch 281: 1 undecided run(s) (AssertionError: filter and reference disagree on the coordinate-slice counts of )
PROBLEM: batch 293: 1 undecided run(s) (AssertionError: filter and reference disagree on the coordinate-slice counts of )
PROBLEM: batch 302: 1 undecided run(s) (AssertionError: filter and reference disagree on the coordinate-slice counts of )
PROBLEM: batch 304: 1 undecided run(s) (AssertionError: filter and reference disagree on the coordinate-slice counts of )
PROBLEM: batch 326: 1 undecided run(s) (AssertionError: filter and reference disagree on the coordinate-slice counts of )
PROBLEM: batch 380: 1 undecided run(s) (AssertionError: filter and reference disagree on the coordinate-slice counts of )
PROBLEM: batch 404: 1 undecided run(s) (AssertionError: filter and reference disagree on the coordinate-slice counts of )
PROBLEM: batch 423: 2 undecided run(s) (AssertionError: filter and reference disagree on the coordinate-slice counts of )
PROBLEM: batch 437: 1 undecided run(s) (AssertionError: filter and reference disagree on the coordinate-slice counts of )
PROBLEM: batch 451: 1 undecided run(s) (AssertionError: filter and reference disagree on the coordinate-slice counts of )
PROBLEM: batch 453: 1 undecided run(s) (AssertionError: filter and reference disagree on the coordinate-slice counts of )
PROBLEM: batch 470: 1 undecided run(s) (AssertionError: filter and reference disagree on the coordinate-slice counts of )
PROBLEM: batch 503: 1 undecided run(s) (AssertionError: filter and reference disagree on the coordinate-slice counts of )
PROBLEM: batch 551: 1 undecided run(s) (AssertionError: filter and reference disagree on the coordinate-slice counts of )
PROBLEM: batch 583: 1 undecided run(s) (AssertionError: filter and reference disagree on the coordinate-slice counts of )
NOT CERTIFIED: 23 problem(s)
