n4 waiting for the Dicke chain marker 2026-09-24T22:42:53Z
n4 waiting for the Dicke final marker 2026-09-25T11:51:42Z
n4 waiting for the Dicke final marker 2026-09-25T11:52:21Z
n4 start 2026-09-25T21:04:22Z
n4 batches start 2026-09-25T21:04:22Z
N4_RUN_DONE 2026-09-26T05:40:30Z batches 1057/1057
N4_AGG_EXIT 1
PROBLEM: batch 503: 1 undecided run(s) (AssertionError: filter and reference disagree on the coordinate-slice counts of )
PROBLEM: batch 551: 1 undecided run(s) (AssertionError: filter and reference disagree on the coordinate-slice counts of )
PROBLEM: batch 583: 1 undecided run(s) (AssertionError: filter and reference disagree on the coordinate-slice counts of )
NOT CERTIFIED: 23 problem(s)
n4fix start 2026-09-26T06:12:12Z
N4FIX_RERUN_DONE 2026-09-26T06:26:18Z undecided-logs: 1057
N4FIX_AGG_EXIT 0
wrote research/n4_rank6/batch_manifest.json: 1057 batch(es)
seed: 20260925
re-running 2 batch(es) from scratch: [168, 799] -> /tmp/n4_rank6_recheck_iy460u_7
aggregate complete in 1223s
CERTIFIED chi(N^4) >= 7
N4_FIX_DONE 2026-09-26T06:46:42Z
N4_NONATIVE_DONE 2026-09-26T09:22:48Z
N4_CHAIN_DONE 2026-09-26T09:22:48Z
